// Jest Snapshot v1, https://goo.gl/fbAQLP

exports[`<Box /> should render 1`] = `
<div
  class="sc-bcXHqe ifxEEh"
  data-testid="box-comp"
>
  Box
</div>
`;
